Device: cpu
Images to process: 2000
Loading CLIP ...
Warning: You are sending unauthenticated requests to the HF Hub. Please set a HF_TOKEN to enable higher rate limits and faster downloads.
Loading weights:   0%|          | 0/398 [00:00<?, ?it/s]Loading weights: 100%|██████████| 398/398 [00:00<00:00, 18831.88it/s]
Processed 100/2000 (0.4 min elapsed, ~8.0 min remaining)
Processed 200/2000 (0.9 min elapsed, ~7.7 min remaining)
Processed 300/2000 (1.3 min elapsed, ~7.3 min remaining)
Processed 400/2000 (1.8 min elapsed, ~7.4 min remaining)
Processed 500/2000 (2.3 min elapsed, ~6.9 min remaining)
Processed 600/2000 (2.7 min elapsed, ~6.4 min remaining)
Processed 700/2000 (3.1 min elapsed, ~5.8 min remaining)
Processed 800/2000 (3.6 min elapsed, ~5.4 min remaining)
Processed 900/2000 (4.0 min elapsed, ~4.9 min remaining)
Processed 1000/2000 (4.4 min elapsed, ~4.4 min remaining)
Processed 1100/2000 (5.0 min elapsed, ~4.1 min remaining)
Processed 1200/2000 (5.5 min elapsed, ~3.6 min remaining)
Processed 1300/2000 (5.9 min elapsed, ~3.2 min remaining)
Processed 1400/2000 (6.3 min elapsed, ~2.7 min remaining)
Processed 1500/2000 (6.7 min elapsed, ~2.2 min remaining)
Processed 1600/2000 (7.2 min elapsed, ~1.8 min remaining)
Processed 1700/2000 (7.6 min elapsed, ~1.3 min remaining)
Processed 1800/2000 (8.0 min elapsed, ~0.9 min remaining)
Processed 1900/2000 (8.4 min elapsed, ~0.4 min remaining)
Processed 2000/2000 (8.9 min elapsed, ~0.0 min remaining)
Done.
