Device: cpu
Already re-extracted: 0
Remaining: 2,000
Loading EasyOCR reader (bn+en) ...
E:\Project\Fake News Detection\.venv\Lib\site-packages\torch\ao\nn\quantized\dynamic\modules\rnn.py:162: UserWarning: torch.quantize_per_tensor, torch.quantize_per_channel and other quantized tensor creation functions that produce tensors with dtype torch.quint8, torch.qint8, and torch.qint32 are deprecated and will be removed in a future PyTorch release. Please see https://github.com/pytorch/pytorch/issues/184982 for more information. (Triggered internally at C:\actions-runner\_work\pytorch\pytorch\aten\src\ATen\quantized\Quantizer.cpp:116.)
  w_ih = torch.quantize_per_tensor(
Loading SBERT embedder ...
Warning: You are sending unauthenticated requests to the HF Hub. Please set a HF_TOKEN to enable higher rate limits and faster downloads.
Loading weights:   0%|          | 0/103 [00:00<?, ?it/s]Loading weights: 100%|██████████| 103/103 [00:00<00:00, 5866.88it/s]
E:\Project\Fake News Detection\.venv\Lib\site-packages\torch\utils\data\dataloader.py:759: UserWarning: 'pin_memory' argument is set as true but no accelerator is found, then device pinned memory won't be used.
  super().__init__(loader)
Processed 20/2,000 (2.0 min elapsed, ~196.6 min remaining)
E:\Project\Fake News Detection\.venv\Lib\site-packages\torch\utils\data\dataloader.py:759: UserWarning: 'pin_memory' argument is set as true but no accelerator is found, then device pinned memory won't be used.
  super().__init__(loader)
Processed 40/2,000 (4.1 min elapsed, ~198.8 min remaining)
E:\Project\Fake News Detection\.venv\Lib\site-packages\torch\utils\data\dataloader.py:759: UserWarning: 'pin_memory' argument is set as true but no accelerator is found, then device pinned memory won't be used.
  super().__init__(loader)
Processed 60/2,000 (6.3 min elapsed, ~204.8 min remaining)
E:\Project\Fake News Detection\.venv\Lib\site-packages\torch\utils\data\dataloader.py:759: UserWarning: 'pin_memory' argument is set as true but no accelerator is found, then device pinned memory won't be used.
  super().__init__(loader)
Processed 80/2,000 (8.5 min elapsed, ~203.6 min remaining)
E:\Project\Fake News Detection\.venv\Lib\site-packages\torch\utils\data\dataloader.py:759: UserWarning: 'pin_memory' argument is set as true but no accelerator is found, then device pinned memory won't be used.
  super().__init__(loader)
Processed 100/2,000 (11.9 min elapsed, ~226.7 min remaining)
E:\Project\Fake News Detection\.venv\Lib\site-packages\torch\utils\data\dataloader.py:759: UserWarning: 'pin_memory' argument is set as true but no accelerator is found, then device pinned memory won't be used.
  super().__init__(loader)
Processed 120/2,000 (13.8 min elapsed, ~216.6 min remaining)
E:\Project\Fake News Detection\.venv\Lib\site-packages\torch\utils\data\dataloader.py:759: UserWarning: 'pin_memory' argument is set as true but no accelerator is found, then device pinned memory won't be used.
  super().__init__(loader)
Processed 140/2,000 (16.6 min elapsed, ~220.8 min remaining)
E:\Project\Fake News Detection\.venv\Lib\site-packages\torch\utils\data\dataloader.py:759: UserWarning: 'pin_memory' argument is set as true but no accelerator is found, then device pinned memory won't be used.
  super().__init__(loader)
Processed 160/2,000 (19.1 min elapsed, ~219.8 min remaining)
E:\Project\Fake News Detection\.venv\Lib\site-packages\torch\utils\data\dataloader.py:759: UserWarning: 'pin_memory' argument is set as true but no accelerator is found, then device pinned memory won't be used.
  super().__init__(loader)
Processed 180/2,000 (21.8 min elapsed, ~220.4 min remaining)
E:\Project\Fake News Detection\.venv\Lib\site-packages\torch\utils\data\dataloader.py:759: UserWarning: 'pin_memory' argument is set as true but no accelerator is found, then device pinned memory won't be used.
  super().__init__(loader)
Processed 200/2,000 (24.3 min elapsed, ~218.5 min remaining)
E:\Project\Fake News Detection\.venv\Lib\site-packages\torch\utils\data\dataloader.py:759: UserWarning: 'pin_memory' argument is set as true but no accelerator is found, then device pinned memory won't be used.
  super().__init__(loader)
Processed 220/2,000 (26.9 min elapsed, ~217.6 min remaining)
E:\Project\Fake News Detection\.venv\Lib\site-packages\torch\utils\data\dataloader.py:759: UserWarning: 'pin_memory' argument is set as true but no accelerator is found, then device pinned memory won't be used.
  super().__init__(loader)
Processed 240/2,000 (29.3 min elapsed, ~214.8 min remaining)
E:\Project\Fake News Detection\.venv\Lib\site-packages\torch\utils\data\dataloader.py:759: UserWarning: 'pin_memory' argument is set as true but no accelerator is found, then device pinned memory won't be used.
  super().__init__(loader)
Processed 260/2,000 (32.2 min elapsed, ~215.4 min remaining)
E:\Project\Fake News Detection\.venv\Lib\site-packages\torch\utils\data\dataloader.py:759: UserWarning: 'pin_memory' argument is set as true but no accelerator is found, then device pinned memory won't be used.
  super().__init__(loader)
Processed 280/2,000 (34.8 min elapsed, ~214.1 min remaining)
E:\Project\Fake News Detection\.venv\Lib\site-packages\torch\utils\data\dataloader.py:759: UserWarning: 'pin_memory' argument is set as true but no accelerator is found, then device pinned memory won't be used.
  super().__init__(loader)
Processed 300/2,000 (37.2 min elapsed, ~210.9 min remaining)
E:\Project\Fake News Detection\.venv\Lib\site-packages\torch\utils\data\dataloader.py:759: UserWarning: 'pin_memory' argument is set as true but no accelerator is found, then device pinned memory won't be used.
  super().__init__(loader)
Processed 320/2,000 (39.5 min elapsed, ~207.5 min remaining)
E:\Project\Fake News Detection\.venv\Lib\site-packages\torch\utils\data\dataloader.py:759: UserWarning: 'pin_memory' argument is set as true but no accelerator is found, then device pinned memory won't be used.
  super().__init__(loader)
Device: cpu
Already re-extracted: 320
Remaining: 1,680
Loading EasyOCR reader (bn+en) ...
E:\Project\Fake News Detection\.venv\Lib\site-packages\torch\ao\nn\quantized\dynamic\modules\rnn.py:162: UserWarning: torch.quantize_per_tensor, torch.quantize_per_channel and other quantized tensor creation functions that produce tensors with dtype torch.quint8, torch.qint8, and torch.qint32 are deprecated and will be removed in a future PyTorch release. Please see https://github.com/pytorch/pytorch/issues/184982 for more information. (Triggered internally at C:\actions-runner\_work\pytorch\pytorch\aten\src\ATen\quantized\Quantizer.cpp:116.)
  w_ih = torch.quantize_per_tensor(
Loading SBERT embedder ...
Warning: You are sending unauthenticated requests to the HF Hub. Please set a HF_TOKEN to enable higher rate limits and faster downloads.
Loading weights:   0%|          | 0/103 [00:00<?, ?it/s]Loading weights: 100%|██████████| 103/103 [00:00<00:00, 5685.81it/s]
E:\Project\Fake News Detection\.venv\Lib\site-packages\torch\utils\data\dataloader.py:759: UserWarning: 'pin_memory' argument is set as true but no accelerator is found, then device pinned memory won't be used.
  super().__init__(loader)
Processed 20/1,680 (2.3 min elapsed, ~193.8 min remaining)
E:\Project\Fake News Detection\.venv\Lib\site-packages\torch\utils\data\dataloader.py:759: UserWarning: 'pin_memory' argument is set as true but no accelerator is found, then device pinned memory won't be used.
  super().__init__(loader)
Processed 40/1,680 (4.7 min elapsed, ~194.6 min remaining)
E:\Project\Fake News Detection\.venv\Lib\site-packages\torch\utils\data\dataloader.py:759: UserWarning: 'pin_memory' argument is set as true but no accelerator is found, then device pinned memory won't be used.
  super().__init__(loader)
Processed 60/1,680 (6.9 min elapsed, ~187.1 min remaining)
E:\Project\Fake News Detection\.venv\Lib\site-packages\torch\utils\data\dataloader.py:759: UserWarning: 'pin_memory' argument is set as true but no accelerator is found, then device pinned memory won't be used.
  super().__init__(loader)
Processed 80/1,680 (9.1 min elapsed, ~182.2 min remaining)
E:\Project\Fake News Detection\.venv\Lib\site-packages\torch\utils\data\dataloader.py:759: UserWarning: 'pin_memory' argument is set as true but no accelerator is found, then device pinned memory won't be used.
  super().__init__(loader)
Processed 100/1,680 (11.1 min elapsed, ~175.6 min remaining)
E:\Project\Fake News Detection\.venv\Lib\site-packages\torch\utils\data\dataloader.py:759: UserWarning: 'pin_memory' argument is set as true but no accelerator is found, then device pinned memory won't be used.
  super().__init__(loader)
Processed 120/1,680 (12.9 min elapsed, ~167.4 min remaining)
E:\Project\Fake News Detection\.venv\Lib\site-packages\torch\utils\data\dataloader.py:759: UserWarning: 'pin_memory' argument is set as true but no accelerator is found, then device pinned memory won't be used.
  super().__init__(loader)
Processed 140/1,680 (14.8 min elapsed, ~162.6 min remaining)
E:\Project\Fake News Detection\.venv\Lib\site-packages\torch\utils\data\dataloader.py:759: UserWarning: 'pin_memory' argument is set as true but no accelerator is found, then device pinned memory won't be used.
  super().__init__(loader)
Processed 160/1,680 (16.5 min elapsed, ~156.4 min remaining)
E:\Project\Fake News Detection\.venv\Lib\site-packages\torch\utils\data\dataloader.py:759: UserWarning: 'pin_memory' argument is set as true but no accelerator is found, then device pinned memory won't be used.
  super().__init__(loader)
Processed 180/1,680 (18.2 min elapsed, ~152.0 min remaining)
E:\Project\Fake News Detection\.venv\Lib\site-packages\torch\utils\data\dataloader.py:759: UserWarning: 'pin_memory' argument is set as true but no accelerator is found, then device pinned memory won't be used.
  super().__init__(loader)
Processed 200/1,680 (20.2 min elapsed, ~149.4 min remaining)
E:\Project\Fake News Detection\.venv\Lib\site-packages\torch\utils\data\dataloader.py:759: UserWarning: 'pin_memory' argument is set as true but no accelerator is found, then device pinned memory won't be used.
  super().__init__(loader)
Processed 220/1,680 (22.0 min elapsed, ~146.2 min remaining)
E:\Project\Fake News Detection\.venv\Lib\site-packages\torch\utils\data\dataloader.py:759: UserWarning: 'pin_memory' argument is set as true but no accelerator is found, then device pinned memory won't be used.
  super().__init__(loader)
Processed 240/1,680 (24.8 min elapsed, ~149.0 min remaining)
E:\Project\Fake News Detection\.venv\Lib\site-packages\torch\utils\data\dataloader.py:759: UserWarning: 'pin_memory' argument is set as true but no accelerator is found, then device pinned memory won't be used.
  super().__init__(loader)
Processed 260/1,680 (28.3 min elapsed, ~154.6 min remaining)
E:\Project\Fake News Detection\.venv\Lib\site-packages\torch\utils\data\dataloader.py:759: UserWarning: 'pin_memory' argument is set as true but no accelerator is found, then device pinned memory won't be used.
  super().__init__(loader)
Processed 280/1,680 (32.0 min elapsed, ~159.8 min remaining)
E:\Project\Fake News Detection\.venv\Lib\site-packages\torch\utils\data\dataloader.py:759: UserWarning: 'pin_memory' argument is set as true but no accelerator is found, then device pinned memory won't be used.
  super().__init__(loader)
Processed 300/1,680 (35.0 min elapsed, ~160.9 min remaining)
E:\Project\Fake News Detection\.venv\Lib\site-packages\torch\utils\data\dataloader.py:759: UserWarning: 'pin_memory' argument is set as true but no accelerator is found, then device pinned memory won't be used.
  super().__init__(loader)
Processed 320/1,680 (38.0 min elapsed, ~161.4 min remaining)
E:\Project\Fake News Detection\.venv\Lib\site-packages\torch\utils\data\dataloader.py:759: UserWarning: 'pin_memory' argument is set as true but no accelerator is found, then device pinned memory won't be used.
  super().__init__(loader)
Processed 340/1,680 (40.9 min elapsed, ~161.0 min remaining)
E:\Project\Fake News Detection\.venv\Lib\site-packages\torch\utils\data\dataloader.py:759: UserWarning: 'pin_memory' argument is set as true but no accelerator is found, then device pinned memory won't be used.
  super().__init__(loader)
Processed 360/1,680 (43.2 min elapsed, ~158.4 min remaining)
E:\Project\Fake News Detection\.venv\Lib\site-packages\torch\utils\data\dataloader.py:759: UserWarning: 'pin_memory' argument is set as true but no accelerator is found, then device pinned memory won't be used.
  super().__init__(loader)
Processed 380/1,680 (45.1 min elapsed, ~154.4 min remaining)
E:\Project\Fake News Detection\.venv\Lib\site-packages\torch\utils\data\dataloader.py:759: UserWarning: 'pin_memory' argument is set as true but no accelerator is found, then device pinned memory won't be used.
  super().__init__(loader)
Processed 400/1,680 (47.0 min elapsed, ~150.5 min remaining)
E:\Project\Fake News Detection\.venv\Lib\site-packages\torch\utils\data\dataloader.py:759: UserWarning: 'pin_memory' argument is set as true but no accelerator is found, then device pinned memory won't be used.
  super().__init__(loader)
Processed 420/1,680 (49.3 min elapsed, ~147.9 min remaining)
E:\Project\Fake News Detection\.venv\Lib\site-packages\torch\utils\data\dataloader.py:759: UserWarning: 'pin_memory' argument is set as true but no accelerator is found, then device pinned memory won't be used.
  super().__init__(loader)
Processed 440/1,680 (51.7 min elapsed, ~145.7 min remaining)
E:\Project\Fake News Detection\.venv\Lib\site-packages\torch\utils\data\dataloader.py:759: UserWarning: 'pin_memory' argument is set as true but no accelerator is found, then device pinned memory won't be used.
  super().__init__(loader)
Processed 460/1,680 (54.1 min elapsed, ~143.5 min remaining)
E:\Project\Fake News Detection\.venv\Lib\site-packages\torch\utils\data\dataloader.py:759: UserWarning: 'pin_memory' argument is set as true but no accelerator is found, then device pinned memory won't be used.
  super().__init__(loader)
Processed 480/1,680 (56.1 min elapsed, ~140.3 min remaining)
E:\Project\Fake News Detection\.venv\Lib\site-packages\torch\utils\data\dataloader.py:759: UserWarning: 'pin_memory' argument is set as true but no accelerator is found, then device pinned memory won't be used.
  super().__init__(loader)
Processed 500/1,680 (58.2 min elapsed, ~137.3 min remaining)
E:\Project\Fake News Detection\.venv\Lib\site-packages\torch\utils\data\dataloader.py:759: UserWarning: 'pin_memory' argument is set as true but no accelerator is found, then device pinned memory won't be used.
  super().__init__(loader)
Processed 520/1,680 (60.6 min elapsed, ~135.3 min remaining)
E:\Project\Fake News Detection\.venv\Lib\site-packages\torch\utils\data\dataloader.py:759: UserWarning: 'pin_memory' argument is set as true but no accelerator is found, then device pinned memory won't be used.
  super().__init__(loader)
Processed 540/1,680 (63.3 min elapsed, ~133.7 min remaining)
E:\Project\Fake News Detection\.venv\Lib\site-packages\torch\utils\data\dataloader.py:759: UserWarning: 'pin_memory' argument is set as true but no accelerator is found, then device pinned memory won't be used.
  super().__init__(loader)
Processed 560/1,680 (66.1 min elapsed, ~132.1 min remaining)
E:\Project\Fake News Detection\.venv\Lib\site-packages\torch\utils\data\dataloader.py:759: UserWarning: 'pin_memory' argument is set as true but no accelerator is found, then device pinned memory won't be used.
  super().__init__(loader)
Processed 580/1,680 (68.4 min elapsed, ~129.6 min remaining)
E:\Project\Fake News Detection\.venv\Lib\site-packages\torch\utils\data\dataloader.py:759: UserWarning: 'pin_memory' argument is set as true but no accelerator is found, then device pinned memory won't be used.
  super().__init__(loader)
Processed 600/1,680 (70.5 min elapsed, ~126.9 min remaining)
E:\Project\Fake News Detection\.venv\Lib\site-packages\torch\utils\data\dataloader.py:759: UserWarning: 'pin_memory' argument is set as true but no accelerator is found, then device pinned memory won't be used.
  super().__init__(loader)
Processed 620/1,680 (72.7 min elapsed, ~124.3 min remaining)
E:\Project\Fake News Detection\.venv\Lib\site-packages\torch\utils\data\dataloader.py:759: UserWarning: 'pin_memory' argument is set as true but no accelerator is found, then device pinned memory won't be used.
  super().__init__(loader)
Processed 640/1,680 (76.1 min elapsed, ~123.7 min remaining)
E:\Project\Fake News Detection\.venv\Lib\site-packages\torch\utils\data\dataloader.py:759: UserWarning: 'pin_memory' argument is set as true but no accelerator is found, then device pinned memory won't be used.
  super().__init__(loader)
Processed 660/1,680 (78.7 min elapsed, ~121.6 min remaining)
E:\Project\Fake News Detection\.venv\Lib\site-packages\torch\utils\data\dataloader.py:759: UserWarning: 'pin_memory' argument is set as true but no accelerator is found, then device pinned memory won't be used.
  super().__init__(loader)
Processed 680/1,680 (81.1 min elapsed, ~119.3 min remaining)
E:\Project\Fake News Detection\.venv\Lib\site-packages\torch\utils\data\dataloader.py:759: UserWarning: 'pin_memory' argument is set as true but no accelerator is found, then device pinned memory won't be used.
  super().__init__(loader)
Processed 700/1,680 (84.0 min elapsed, ~117.6 min remaining)
E:\Project\Fake News Detection\.venv\Lib\site-packages\torch\utils\data\dataloader.py:759: UserWarning: 'pin_memory' argument is set as true but no accelerator is found, then device pinned memory won't be used.
  super().__init__(loader)
Processed 720/1,680 (86.4 min elapsed, ~115.2 min remaining)
E:\Project\Fake News Detection\.venv\Lib\site-packages\torch\utils\data\dataloader.py:759: UserWarning: 'pin_memory' argument is set as true but no accelerator is found, then device pinned memory won't be used.
  super().__init__(loader)
Processed 740/1,680 (89.3 min elapsed, ~113.4 min remaining)
E:\Project\Fake News Detection\.venv\Lib\site-packages\torch\utils\data\dataloader.py:759: UserWarning: 'pin_memory' argument is set as true but no accelerator is found, then device pinned memory won't be used.
  super().__init__(loader)
Processed 760/1,680 (91.5 min elapsed, ~110.7 min remaining)
E:\Project\Fake News Detection\.venv\Lib\site-packages\torch\utils\data\dataloader.py:759: UserWarning: 'pin_memory' argument is set as true but no accelerator is found, then device pinned memory won't be used.
  super().__init__(loader)
Processed 780/1,680 (94.0 min elapsed, ~108.5 min remaining)
E:\Project\Fake News Detection\.venv\Lib\site-packages\torch\utils\data\dataloader.py:759: UserWarning: 'pin_memory' argument is set as true but no accelerator is found, then device pinned memory won't be used.
  super().__init__(loader)
Processed 800/1,680 (96.9 min elapsed, ~106.5 min remaining)
E:\Project\Fake News Detection\.venv\Lib\site-packages\torch\utils\data\dataloader.py:759: UserWarning: 'pin_memory' argument is set as true but no accelerator is found, then device pinned memory won't be used.
  super().__init__(loader)
Processed 820/1,680 (99.1 min elapsed, ~103.9 min remaining)
E:\Project\Fake News Detection\.venv\Lib\site-packages\torch\utils\data\dataloader.py:759: UserWarning: 'pin_memory' argument is set as true but no accelerator is found, then device pinned memory won't be used.
  super().__init__(loader)
Processed 840/1,680 (102.4 min elapsed, ~102.4 min remaining)
E:\Project\Fake News Detection\.venv\Lib\site-packages\torch\utils\data\dataloader.py:759: UserWarning: 'pin_memory' argument is set as true but no accelerator is found, then device pinned memory won't be used.
  super().__init__(loader)
Processed 860/1,680 (105.2 min elapsed, ~100.3 min remaining)
E:\Project\Fake News Detection\.venv\Lib\site-packages\torch\utils\data\dataloader.py:759: UserWarning: 'pin_memory' argument is set as true but no accelerator is found, then device pinned memory won't be used.
  super().__init__(loader)
Processed 880/1,680 (107.9 min elapsed, ~98.1 min remaining)
E:\Project\Fake News Detection\.venv\Lib\site-packages\torch\utils\data\dataloader.py:759: UserWarning: 'pin_memory' argument is set as true but no accelerator is found, then device pinned memory won't be used.
  super().__init__(loader)
Processed 900/1,680 (110.6 min elapsed, ~95.8 min remaining)
E:\Project\Fake News Detection\.venv\Lib\site-packages\torch\utils\data\dataloader.py:759: UserWarning: 'pin_memory' argument is set as true but no accelerator is found, then device pinned memory won't be used.
  super().__init__(loader)
Processed 920/1,680 (113.0 min elapsed, ~93.3 min remaining)
E:\Project\Fake News Detection\.venv\Lib\site-packages\torch\utils\data\dataloader.py:759: UserWarning: 'pin_memory' argument is set as true but no accelerator is found, then device pinned memory won't be used.
  super().__init__(loader)
Processed 940/1,680 (115.5 min elapsed, ~91.0 min remaining)
E:\Project\Fake News Detection\.venv\Lib\site-packages\torch\utils\data\dataloader.py:759: UserWarning: 'pin_memory' argument is set as true but no accelerator is found, then device pinned memory won't be used.
  super().__init__(loader)
Processed 960/1,680 (118.3 min elapsed, ~88.7 min remaining)
E:\Project\Fake News Detection\.venv\Lib\site-packages\torch\utils\data\dataloader.py:759: UserWarning: 'pin_memory' argument is set as true but no accelerator is found, then device pinned memory won't be used.
  super().__init__(loader)
Processed 980/1,680 (120.9 min elapsed, ~86.3 min remaining)
E:\Project\Fake News Detection\.venv\Lib\site-packages\torch\utils\data\dataloader.py:759: UserWarning: 'pin_memory' argument is set as true but no accelerator is found, then device pinned memory won't be used.
  super().__init__(loader)
Processed 1,000/1,680 (123.4 min elapsed, ~83.9 min remaining)
E:\Project\Fake News Detection\.venv\Lib\site-packages\torch\utils\data\dataloader.py:759: UserWarning: 'pin_memory' argument is set as true but no accelerator is found, then device pinned memory won't be used.
  super().__init__(loader)
Processed 1,020/1,680 (126.3 min elapsed, ~81.7 min remaining)
E:\Project\Fake News Detection\.venv\Lib\site-packages\torch\utils\data\dataloader.py:759: UserWarning: 'pin_memory' argument is set as true but no accelerator is found, then device pinned memory won't be used.
  super().__init__(loader)
Processed 1,040/1,680 (129.2 min elapsed, ~79.5 min remaining)
E:\Project\Fake News Detection\.venv\Lib\site-packages\torch\utils\data\dataloader.py:759: UserWarning: 'pin_memory' argument is set as true but no accelerator is found, then device pinned memory won't be used.
  super().__init__(loader)
Processed 1,060/1,680 (131.8 min elapsed, ~77.1 min remaining)
E:\Project\Fake News Detection\.venv\Lib\site-packages\torch\utils\data\dataloader.py:759: UserWarning: 'pin_memory' argument is set as true but no accelerator is found, then device pinned memory won't be used.
  super().__init__(loader)
Processed 1,080/1,680 (136.0 min elapsed, ~75.6 min remaining)
E:\Project\Fake News Detection\.venv\Lib\site-packages\torch\utils\data\dataloader.py:759: UserWarning: 'pin_memory' argument is set as true but no accelerator is found, then device pinned memory won't be used.
  super().__init__(loader)
Processed 1,100/1,680 (139.1 min elapsed, ~73.4 min remaining)
E:\Project\Fake News Detection\.venv\Lib\site-packages\torch\utils\data\dataloader.py:759: UserWarning: 'pin_memory' argument is set as true but no accelerator is found, then device pinned memory won't be used.
  super().__init__(loader)
Processed 1,120/1,680 (141.2 min elapsed, ~70.6 min remaining)
E:\Project\Fake News Detection\.venv\Lib\site-packages\torch\utils\data\dataloader.py:759: UserWarning: 'pin_memory' argument is set as true but no accelerator is found, then device pinned memory won't be used.
  super().__init__(loader)
Processed 1,140/1,680 (143.3 min elapsed, ~67.9 min remaining)
E:\Project\Fake News Detection\.venv\Lib\site-packages\torch\utils\data\dataloader.py:759: UserWarning: 'pin_memory' argument is set as true but no accelerator is found, then device pinned memory won't be used.
  super().__init__(loader)
Processed 1,160/1,680 (145.9 min elapsed, ~65.4 min remaining)
E:\Project\Fake News Detection\.venv\Lib\site-packages\torch\utils\data\dataloader.py:759: UserWarning: 'pin_memory' argument is set as true but no accelerator is found, then device pinned memory won't be used.
  super().__init__(loader)
Processed 1,180/1,680 (148.1 min elapsed, ~62.8 min remaining)
E:\Project\Fake News Detection\.venv\Lib\site-packages\torch\utils\data\dataloader.py:759: UserWarning: 'pin_memory' argument is set as true but no accelerator is found, then device pinned memory won't be used.
  super().__init__(loader)
Processed 1,200/1,680 (150.5 min elapsed, ~60.2 min remaining)
E:\Project\Fake News Detection\.venv\Lib\site-packages\torch\utils\data\dataloader.py:759: UserWarning: 'pin_memory' argument is set as true but no accelerator is found, then device pinned memory won't be used.
  super().__init__(loader)
Processed 1,220/1,680 (152.5 min elapsed, ~57.5 min remaining)
E:\Project\Fake News Detection\.venv\Lib\site-packages\torch\utils\data\dataloader.py:759: UserWarning: 'pin_memory' argument is set as true but no accelerator is found, then device pinned memory won't be used.
  super().__init__(loader)
Processed 1,240/1,680 (155.5 min elapsed, ~55.2 min remaining)
E:\Project\Fake News Detection\.venv\Lib\site-packages\torch\utils\data\dataloader.py:759: UserWarning: 'pin_memory' argument is set as true but no accelerator is found, then device pinned memory won't be used.
  super().__init__(loader)
Processed 1,260/1,680 (157.7 min elapsed, ~52.6 min remaining)
E:\Project\Fake News Detection\.venv\Lib\site-packages\torch\utils\data\dataloader.py:759: UserWarning: 'pin_memory' argument is set as true but no accelerator is found, then device pinned memory won't be used.
  super().__init__(loader)
Processed 1,280/1,680 (159.9 min elapsed, ~50.0 min remaining)
E:\Project\Fake News Detection\.venv\Lib\site-packages\torch\utils\data\dataloader.py:759: UserWarning: 'pin_memory' argument is set as true but no accelerator is found, then device pinned memory won't be used.
  super().__init__(loader)
Processed 1,300/1,680 (162.5 min elapsed, ~47.5 min remaining)
E:\Project\Fake News Detection\.venv\Lib\site-packages\torch\utils\data\dataloader.py:759: UserWarning: 'pin_memory' argument is set as true but no accelerator is found, then device pinned memory won't be used.
  super().__init__(loader)
Processed 1,320/1,680 (164.8 min elapsed, ~45.0 min remaining)
E:\Project\Fake News Detection\.venv\Lib\site-packages\torch\utils\data\dataloader.py:759: UserWarning: 'pin_memory' argument is set as true but no accelerator is found, then device pinned memory won't be used.
  super().__init__(loader)
Processed 1,340/1,680 (167.3 min elapsed, ~42.4 min remaining)
E:\Project\Fake News Detection\.venv\Lib\site-packages\torch\utils\data\dataloader.py:759: UserWarning: 'pin_memory' argument is set as true but no accelerator is found, then device pinned memory won't be used.
  super().__init__(loader)
Processed 1,360/1,680 (169.5 min elapsed, ~39.9 min remaining)
E:\Project\Fake News Detection\.venv\Lib\site-packages\torch\utils\data\dataloader.py:759: UserWarning: 'pin_memory' argument is set as true but no accelerator is found, then device pinned memory won't be used.
  super().__init__(loader)
Processed 1,380/1,680 (171.8 min elapsed, ~37.3 min remaining)
E:\Project\Fake News Detection\.venv\Lib\site-packages\torch\utils\data\dataloader.py:759: UserWarning: 'pin_memory' argument is set as true but no accelerator is found, then device pinned memory won't be used.
  super().__init__(loader)
Processed 1,400/1,680 (174.2 min elapsed, ~34.8 min remaining)
E:\Project\Fake News Detection\.venv\Lib\site-packages\torch\utils\data\dataloader.py:759: UserWarning: 'pin_memory' argument is set as true but no accelerator is found, then device pinned memory won't be used.
  super().__init__(loader)
Processed 1,420/1,680 (177.0 min elapsed, ~32.4 min remaining)
E:\Project\Fake News Detection\.venv\Lib\site-packages\torch\utils\data\dataloader.py:759: UserWarning: 'pin_memory' argument is set as true but no accelerator is found, then device pinned memory won't be used.
  super().__init__(loader)
Processed 1,440/1,680 (179.2 min elapsed, ~29.9 min remaining)
E:\Project\Fake News Detection\.venv\Lib\site-packages\torch\utils\data\dataloader.py:759: UserWarning: 'pin_memory' argument is set as true but no accelerator is found, then device pinned memory won't be used.
  super().__init__(loader)
Processed 1,460/1,680 (181.2 min elapsed, ~27.3 min remaining)
E:\Project\Fake News Detection\.venv\Lib\site-packages\torch\utils\data\dataloader.py:759: UserWarning: 'pin_memory' argument is set as true but no accelerator is found, then device pinned memory won't be used.
  super().__init__(loader)
Processed 1,480/1,680 (183.4 min elapsed, ~24.8 min remaining)
E:\Project\Fake News Detection\.venv\Lib\site-packages\torch\utils\data\dataloader.py:759: UserWarning: 'pin_memory' argument is set as true but no accelerator is found, then device pinned memory won't be used.
  super().__init__(loader)
Processed 1,500/1,680 (185.6 min elapsed, ~22.3 min remaining)
E:\Project\Fake News Detection\.venv\Lib\site-packages\torch\utils\data\dataloader.py:759: UserWarning: 'pin_memory' argument is set as true but no accelerator is found, then device pinned memory won't be used.
  super().__init__(loader)
Processed 1,520/1,680 (187.7 min elapsed, ~19.8 min remaining)
E:\Project\Fake News Detection\.venv\Lib\site-packages\torch\utils\data\dataloader.py:759: UserWarning: 'pin_memory' argument is set as true but no accelerator is found, then device pinned memory won't be used.
  super().__init__(loader)
Processed 1,540/1,680 (190.2 min elapsed, ~17.3 min remaining)
E:\Project\Fake News Detection\.venv\Lib\site-packages\torch\utils\data\dataloader.py:759: UserWarning: 'pin_memory' argument is set as true but no accelerator is found, then device pinned memory won't be used.
  super().__init__(loader)
Processed 1,560/1,680 (192.5 min elapsed, ~14.8 min remaining)
E:\Project\Fake News Detection\.venv\Lib\site-packages\torch\utils\data\dataloader.py:759: UserWarning: 'pin_memory' argument is set as true but no accelerator is found, then device pinned memory won't be used.
  super().__init__(loader)
Processed 1,580/1,680 (194.4 min elapsed, ~12.3 min remaining)
E:\Project\Fake News Detection\.venv\Lib\site-packages\torch\utils\data\dataloader.py:759: UserWarning: 'pin_memory' argument is set as true but no accelerator is found, then device pinned memory won't be used.
  super().__init__(loader)
Processed 1,600/1,680 (197.1 min elapsed, ~9.9 min remaining)
E:\Project\Fake News Detection\.venv\Lib\site-packages\torch\utils\data\dataloader.py:759: UserWarning: 'pin_memory' argument is set as true but no accelerator is found, then device pinned memory won't be used.
  super().__init__(loader)
Processed 1,620/1,680 (199.7 min elapsed, ~7.4 min remaining)
E:\Project\Fake News Detection\.venv\Lib\site-packages\torch\utils\data\dataloader.py:759: UserWarning: 'pin_memory' argument is set as true but no accelerator is found, then device pinned memory won't be used.
  super().__init__(loader)
Processed 1,640/1,680 (202.4 min elapsed, ~4.9 min remaining)
E:\Project\Fake News Detection\.venv\Lib\site-packages\torch\utils\data\dataloader.py:759: UserWarning: 'pin_memory' argument is set as true but no accelerator is found, then device pinned memory won't be used.
  super().__init__(loader)
Processed 1,660/1,680 (206.2 min elapsed, ~2.5 min remaining)
E:\Project\Fake News Detection\.venv\Lib\site-packages\torch\utils\data\dataloader.py:759: UserWarning: 'pin_memory' argument is set as true but no accelerator is found, then device pinned memory won't be used.
  super().__init__(loader)
Processed 1,680/1,680 (209.0 min elapsed, ~0.0 min remaining)
Done.
