CLIP embeddings already saved: 0
CLIP embeddings remaining: 2,000
CLIP checkpoint: 128/2,000
CLIP checkpoint: 256/2,000
CLIP checkpoint: 384/2,000
CLIP checkpoint: 512/2,000
CLIP checkpoint: 640/2,000
CLIP checkpoint: 768/2,000
CLIP checkpoint: 896/2,000
CLIP checkpoint: 1,024/2,000
CLIP checkpoint: 1,152/2,000
CLIP checkpoint: 1,280/2,000
CLIP checkpoint: 1,408/2,000
CLIP checkpoint: 1,536/2,000
CLIP checkpoint: 1,664/2,000
CLIP checkpoint: 1,792/2,000
CLIP checkpoint: 1,920/2,000
CLIP checkpoint: 2,000/2,000
CLIP features saved to: E:\Project\Fake News Detection\clip_visual_features.csv
Rows: 2,000; failed rows: 0
