Neither CUDA nor MPS are available - defaulting to CPU. Note: This module is much faster with a GPU.
E:\Project\Fake News Detection\.venv\Lib\site-packages\torch\ao\nn\quantized\dynamic\modules\rnn.py:162: UserWarning: torch.quantize_per_tensor, torch.quantize_per_channel and other quantized tensor creation functions that produce tensors with dtype torch.quint8, torch.qint8, and torch.qint32 are deprecated and will be removed in a future PyTorch release. Please see https://github.com/pytorch/pytorch/issues/184982 for more information. (Triggered internally at C:\actions-runner\_work\pytorch\pytorch\aten\src\ATen\quantized\Quantizer.cpp:116.)
  w_ih = torch.quantize_per_tensor(
Loading weights:   0%|          | 0/473 [00:00<?, ?it/s]Loading weights: 100%|##########| 473/473 [00:00<00:00, 22298.84it/s]
Loading weights:   0%|          | 0/103 [00:00<?, ?it/s]Loading weights: 100%|##########| 103/103 [00:00<00:00, 3459.23it/s]
E:\Project\Fake News Detection\.venv\Lib\site-packages\torch\utils\data\dataloader.py:759: UserWarning: 'pin_memory' argument is set as true but no accelerator is found, then device pinned memory won't be used.
  super().__init__(loader)
E:\Project\Fake News Detection\.venv\Lib\site-packages\torch\utils\data\dataloader.py:759: UserWarning: 'pin_memory' argument is set as true but no accelerator is found, then device pinned memory won't be used.
  super().__init__(loader)
E:\Project\Fake News Detection\.venv\Lib\site-packages\torch\utils\data\dataloader.py:759: UserWarning: 'pin_memory' argument is set as true but no accelerator is found, then device pinned memory won't be used.
  super().__init__(loader)
E:\Project\Fake News Detection\.venv\Lib\site-packages\torch\utils\data\dataloader.py:759: UserWarning: 'pin_memory' argument is set as true but no accelerator is found, then device pinned memory won't be used.
  super().__init__(loader)
Traceback (most recent call last):
  File "E:\Project\Fake News Detection\run_notebook_pipeline.py", line 35, in <module>
    main()
    ~~~~^^
  File "E:\Project\Fake News Detection\run_notebook_pipeline.py", line 31, in main
    exec(compile(source, f"{NOTEBOOK_PATH.name}:cell_{index}", "exec"), namespace)
    ~~~~^^^^^^^^^^^^^^^^^^^^^^^^^^^^^^^^^^^^^^^^^^^^^^^^^^^^^^^^^^^^^^^^^^^^^^^^^^
  File "notebook.ipynb:cell_13", line 49, in <module>
  File "E:\Project\Fake News Detection\.venv\Lib\site-packages\pandas\core\generic.py", line 3976, in to_csv
    return DataFrameRenderer(formatter).to_csv(
           ~~~~~~~~~~~~~~~~~~~~~~~~~~~~~~~~~~~^
        path_or_buf,
        ^^^^^^^^^^^^
    ...<14 lines>...
        storage_options=storage_options,
        ^^^^^^^^^^^^^^^^^^^^^^^^^^^^^^^^
    )
    ^
  File "E:\Project\Fake News Detection\.venv\Lib\site-packages\pandas\io\formats\format.py", line 1025, in to_csv
    csv_formatter.save()
    ~~~~~~~~~~~~~~~~~~^^
  File "E:\Project\Fake News Detection\.venv\Lib\site-packages\pandas\io\formats\csvs.py", line 251, in save
    with get_handle(
         ~~~~~~~~~~^
        self.filepath_or_buffer,
        ^^^^^^^^^^^^^^^^^^^^^^^^
    ...<4 lines>...
        storage_options=self.storage_options,
        ^^^^^^^^^^^^^^^^^^^^^^^^^^^^^^^^^^^^^
    ) as handles:
    ^
  File "E:\Project\Fake News Detection\.venv\Lib\site-packages\pandas\io\common.py", line 930, in get_handle
    handle = open(
        handle,
    ...<3 lines>...
        newline="",
    )
PermissionError: [Errno 13] Permission denied: 'extracted_features.csv'
